// Jest Snapshot v1, https://goo.gl/fbAQLP

exports[`Pruebas en <FirstApp/> debe hacer match con el snapshot 1`] = `
<div>
  <h1>
    Hola soy goku
  </h1>
  <p>
    123
  </p>
  <p>
    Alejadnro Huertas
  </p>
</div>
`;
